============================= test session starts =============================
platform win32 -- Python 3.14.0, pytest-9.0.2, pluggy-1.6.0 -- D:\Coding\Voyage\meiliai\.venv\Scripts\python.exe
cachedir: .pytest_cache
rootdir: D:\Coding\Voyage\meiliai\backend
plugins: anyio-4.12.1
collecting ... collected 0 items / 1 error

=================================== ERRORS ====================================
_____________________ ERROR collecting test/test_auth.py ______________________
ImportError while importing test module 'D:\Coding\Voyage\meiliai\backend\test\test_auth.py'.
Hint: make sure your test modules/packages have valid Python names.
Traceback:
C:\Users\TUF\AppData\Local\Programs\Python\Python314\Lib\importlib\__init__.py:88: in import_module
    return _bootstrap._gcd_import(name[level:], package, level)
           ^^^^^^^^^^^^^^^^^^^^^^^^^^^^^^^^^^^^^^^^^^^^^^^^^^^^
test\test_auth.py:22: in <module>
    from app.main import app
app\main.py:19: in <module>
    from app.core.rate_limit import RateLimiter
app\core\rate_limit.py:2: in <module>
    from app.core.redis import RedisManager
app\core\redis.py:3: in <module>
    import redis.asyncio as redis
E   ModuleNotFoundError: No module named 'redis'
============================== warnings summary ===============================
app\core\config.py:5
  D:\Coding\Voyage\meiliai\backend\test\..\app\core\config.py:5: PydanticDeprecatedSince20: Support for class-based `config` is deprecated, use ConfigDict instead. Deprecated in Pydantic V2.0 to be removed in V3.0. See Pydantic V2 Migration Guide at https://errors.pydantic.dev/2.12/migration/
    class Settings(BaseSettings):

..\.venv\Lib\site-packages\sqlmodel\main.py:534
..\.venv\Lib\site-packages\sqlmodel\main.py:534
..\.venv\Lib\site-packages\sqlmodel\main.py:534
..\.venv\Lib\site-packages\sqlmodel\main.py:534
..\.venv\Lib\site-packages\sqlmodel\main.py:534
..\.venv\Lib\site-packages\sqlmodel\main.py:534
..\.venv\Lib\site-packages\sqlmodel\main.py:534
..\.venv\Lib\site-packages\sqlmodel\main.py:534
..\.venv\Lib\site-packages\sqlmodel\main.py:534
  D:\Coding\Voyage\meiliai\.venv\Lib\site-packages\sqlmodel\main.py:534: PydanticDeprecatedSince20: Support for class-based `config` is deprecated, use ConfigDict instead. Deprecated in Pydantic V2.0 to be removed in V3.0. See Pydantic V2 Migration Guide at https://errors.pydantic.dev/2.12/migration/
    new_cls = super().__new__(cls, name, bases, dict_used, **config_kwargs)

-- Docs: https://docs.pytest.org/en/stable/how-to/capture-warnings.html
=========================== short test summary info ===========================
ERROR test/test_auth.py
!!!!!!!!!!!!!!!!!!! Interrupted: 1 error during collection !!!!!!!!!!!!!!!!!!!!
======================== 10 warnings, 1 error in 0.94s ========================
